[07:52:05] === Brainstorm session started ===
[07:52:05] PID: 4776
[07:52:05] Project: /mnt/c/Users/chris/projects/job-ops
[07:52:05] Idea: try to resolve the exeception of not getting the recalculated result of a job position, this is the error I'm getting from LM studio: 2026-08-19 07:45:34 [ERROR]

 [google/gemma-4-e2b] Error: Channel Error

2026-08-19 07:45:34 [ERROR]

 [google/gemma-4-e2b] Error: Channel Error
[07:52:05] Output: BRAINSTORM.md
[07:52:05] Model: opencode-go/mimo-v2.5
[07:52:05] Max rounds: 10
[07:52:05] Generating initial brainstorm from idea...
[0m
> build · mimo-v2.5
[0m
[0m→ [0mSkill "brainstorming"
[0m• [0mExplore LM Studio integration[90m Explore Agent[0m
Using brainstorming skill to analyze the LM Studio Channel Error issue.

This looks **bounded** — analyzing an existing error in the job recalculation flow and producing a structured brainstorm document. Let me explore the codebase context first.
[08:05:28] FAIL Interrupted (SIGINT)
[08:05:28] Duration: 13m 25s
[08:05:28] Output: /mnt/c/Users/chris/projects/job-ops/BRAINSTORM.md
[08:05:29] Next: spec.sh BRAINSTORM.md
[08:05:29] Exit code: 130
[08:05:29] Session log: logs/brainstorm-20260819-075203.log
[08:05:29] === Brainstorm session ended ===
